[5ed3eca18484b.site123.me/index.html]
[cdn-cms-s.f-static.net/manager/site123_website/files/logos/brand_files/favicon-blue5f22.png]
[cdn-cms-s.f-static.net/ready_uploads/pwaScreenLogo/pwaImage3934.png]
[cdn-cms-s.f-static.net/ready_uploads/pwaScreenLogo/pwaImage4323.png]
[cdn-cms-s.f-static.net/ready_uploads/pwaScreenLogo/pwaImage696c.png]
[backblue.gif]
[fade.gif]
[index.html]
[cdn-cms-s.f-static.net/versions/2/css/minimize5f22.css]
[cdn-cms-s.f-static.net/versions/2/css/websiteCSS512b.css]
[cdn-cms-localhost.f-static.com/uploads/2149/normal_5d26e32196d3c.gif]
[cdn-cms.f-static.net/uploads/3674534/800_5b447714e7264.jpg]
[cdn-cms.f-static.net/uploads/3674534/400_5d1372ebd548e.jpg]
[5ed3eca18484b.site123.me/versions/2/wizard/orders/front/addToCart.html]
[cdn-cms-s.f-static.net/manager/site123_website/files/logos/brand_files/png-black5f22.png]
[5ed3eca18484b.site123.me/site123.me]
[cdn-cms-s.f-static.net/versions/2/css/minimize-bottom5f22.css]
[cdn-cms-s.f-static.net/versions/2/wizard/statistics/js/generateStats-min5f22.js]
[5ed3eca18484b.site123.me/index.html]
[cdn-cms-s.f-static.net/files/vendor/slick-1.8.1/slick/ajax-loader.gif]
[cdn-cms-s.f-static.net/versions/2/css/owl.video.play.10.delayed]
[cdn-cms-s.f-static.net/files/colorbox/images/overlay.png]
[cdn-cms-s.f-static.net/files/colorbox/images/controls.png]
[cdn-cms-s.f-static.net/files/colorbox/images/border.png]
[cdn-cms-s.f-static.net/files/colorbox/images/loading_background.png]
[cdn-cms-s.f-static.net/files/colorbox/images/loading.gif]
[cdn-cms-s.f-static.net/files/gritter/images/ie-spacer.gif]
[cdn-cms-s.f-static.net/files/gritter/images/gritter.png]
[cdn-cms-s.f-static.net/versions/2/css/minimize5f22.css]
[cdn-cms-s.f-static.net/files/gritter/images/gritter-light.png]
[cdn-cms.f-static.net/uploads/3674534/2000_5ed3f53f77f83.jpg]
[cdn-cms-s.f-static.net/versions/2/css/websiteCSS512b.css]
[5ed3eca18484b.site123.me/versions/2/wizard/orders/front/addToCart.html]
[5ed3eca18484b.site123.me/site123.html]
[cdn-cms-s.f-static.net/files/frameworks/intl-tel-input-8.5.2/build/img/flags.png]
[cdn-cms-s.f-static.net/versions/2/css/minimize-bottom5f22.css]
[cdn-cms-s.f-static.net/versions/2/js/minimize5f22.js]
[cdn-cms-s.f-static.net/versions/2/css/owl.video.play.html]
[cdn-cms-s.f-static.net/files/colorbox/images/loading_background.html]
[cdn-cms-s.f-static.net/files/colorbox/images/loading.html]
[cdn-cms-s.f-static.net/files/frameworks/intl-tel-input-8.5.2/build/img/flags@2x.png]
